2025-11-07 11:22:04 DEBUG pyspark-shell:244 - log4j.properties file dir = /home/aditya/github/Deep-learning-prerequisite/pyspark/DataFrameJoins/DF_joins/log4j_properties/log4j.properties
2025-11-07 11:22:04 DEBUG pyspark-shell:244 - log files dir = /home/aditya/github/Deep-learning-prerequisite/pyspark/DataFrameJoins/DF_joins/log4j_properties/logs
2025-11-07 11:22:04 DEBUG pyspark-shell:244 - log dir exists = True
2025-11-07 11:22:04 DEBUG pyspark-shell:244 - checking for the supplied data_list: 
2025-11-07 11:22:04 DEBUG pyspark-shell:244 - supplied data_list found : [('01', '02', 350, 1), ('01', '04', 580, 1), ('01', '07', 320, 2), ('02', '03', 450, 1), ('02', '06', 220, 1), ('03', '01', 195, 1), ('04', '09', 270, 3), ('04', '08', 410, 2), ('05', '02', 350, 1)]
2025-11-07 11:22:04 DEBUG pyspark-shell:244 - column name list foind ['order_id', 'prod_id', 'unit_price', 'qty']
2025-11-07 11:22:07 DEBUG pyspark-shell:244 - Executor memory usage snapshot: {'192.168.1.204:44739': (434.4, 434.37)} MB
2025-11-07 11:22:07 DEBUG pyspark-shell:244 - Memory used by executors (MB): {'192.168.1.204:44739': 0.03} MB
2025-11-07 11:22:07 DEBUG pyspark-shell:244 - generated_df :: operation - LogSparkDataframe :: Spark DataFrame Schema (expanded): root
 |-- order_id: string (nullable = true)
 |-- prod_id: string (nullable = true)
 |-- unit_price: long (nullable = true)
 |-- qty: long (nullable = true)

2025-11-07 11:22:07 DEBUG pyspark-shell:244 - generated_df has 3 partitons
2025-11-07 11:22:07 DEBUG pyspark-shell:244 - checking for the supplied data_list: 
2025-11-07 11:22:07 DEBUG pyspark-shell:244 - supplied data_list found : [('01', 'Scroll Mouse', 250, 20), ('02', 'Optical Mouse', 350, 20), ('03', 'Wireless Mouse', 450, 50), ('04', 'Wireless Keyboard', 580, 50), ('05', 'Standard Keyboard', 360, 10), ('06', '16 GB Flash Storage', 240, 100), ('07', '32 GB Flash Storage', 320, 50), ('08', '64 GB Flash Storage', 430, 25)]
2025-11-07 11:22:07 DEBUG pyspark-shell:244 - column name list foind ['prod_id', 'prod_name', 'list_price', 'qty']
2025-11-07 11:22:07 DEBUG pyspark-shell:244 - Executor memory usage snapshot: {'192.168.1.204:44739': (434.4, 434.37)} MB
2025-11-07 11:22:07 DEBUG pyspark-shell:244 - Memory used by executors (MB): {'192.168.1.204:44739': 0.03} MB
2025-11-07 11:22:07 DEBUG pyspark-shell:244 - generated_df :: operation - LogSparkDataframe :: Spark DataFrame Schema (expanded): root
 |-- prod_id: string (nullable = true)
 |-- prod_name: string (nullable = true)
 |-- list_price: long (nullable = true)
 |-- qty: long (nullable = true)

2025-11-07 11:22:07 DEBUG pyspark-shell:244 - generated_df has 3 partitons
2025-11-07 11:22:08 DEBUG pyspark-shell:244 - 
 logging intermediate dataframe after inner join operation
2025-11-07 11:22:08 DEBUG pyspark-shell:244 - Executor memory usage snapshot: {'192.168.1.204:44739': (434.4, 434.37)} MB
2025-11-07 11:22:08 DEBUG pyspark-shell:244 - Memory used by executors (MB): {'192.168.1.204:44739': 0.03} MB
2025-11-07 11:22:08 DEBUG pyspark-shell:244 - result_df :: operation - LogSparkDataframe :: Spark DataFrame Schema (expanded): root
 |-- order_id: string (nullable = true)
 |-- prod_id: string (nullable = true)
 |-- unit_price: long (nullable = true)
 |-- qty: long (nullable = true)
 |-- prod_id2: string (nullable = true)
 |-- prod_name: string (nullable = true)
 |-- list_price: long (nullable = true)
 |-- reorder_qty: long (nullable = true)

2025-11-07 11:22:08 DEBUG pyspark-shell:244 - result_df has 3 partitons
2025-11-07 11:22:08 DEBUG pyspark-shell:244 - 
 logging intermediate dataframe after left join operation
2025-11-07 11:22:09 DEBUG pyspark-shell:244 - Executor memory usage snapshot: {'192.168.1.204:44739': (434.4, 434.32)} MB
2025-11-07 11:22:09 DEBUG pyspark-shell:244 - Memory used by executors (MB): {'192.168.1.204:44739': 0.08} MB
2025-11-07 11:22:09 DEBUG pyspark-shell:244 - result_df :: operation - LogSparkDataframe :: Spark DataFrame Schema (expanded): root
 |-- order_id: string (nullable = true)
 |-- prod_id: string (nullable = true)
 |-- unit_price: long (nullable = true)
 |-- qty: long (nullable = true)
 |-- prod_id2: string (nullable = true)
 |-- prod_name: string (nullable = true)
 |-- list_price: long (nullable = true)
 |-- reorder_qty: long (nullable = true)

2025-11-07 11:22:09 DEBUG pyspark-shell:244 - result_df has 3 partitons
2025-11-07 11:22:09 DEBUG pyspark-shell:244 - 
 logging intermediate dataframe after right join operation
2025-11-07 11:22:09 DEBUG pyspark-shell:244 - Executor memory usage snapshot: {'192.168.1.204:44739': (434.4, 434.36)} MB
2025-11-07 11:22:09 DEBUG pyspark-shell:244 - Memory used by executors (MB): {'192.168.1.204:44739': 0.04} MB
2025-11-07 11:22:09 DEBUG pyspark-shell:244 - result_df :: operation - LogSparkDataframe :: Spark DataFrame Schema (expanded): root
 |-- order_id: string (nullable = true)
 |-- prod_id: string (nullable = true)
 |-- unit_price: long (nullable = true)
 |-- qty: long (nullable = true)
 |-- prod_id2: string (nullable = true)
 |-- prod_name: string (nullable = true)
 |-- list_price: long (nullable = true)
 |-- reorder_qty: long (nullable = true)

2025-11-07 11:22:09 DEBUG pyspark-shell:244 - result_df has 3 partitons
2025-11-07 11:22:09 DEBUG pyspark-shell:244 - 
 logging intermediate dataframe after outer join operation
2025-11-07 11:22:09 DEBUG pyspark-shell:244 - Executor memory usage snapshot: {'192.168.1.204:44739': (434.4, 434.37)} MB
2025-11-07 11:22:09 DEBUG pyspark-shell:244 - Memory used by executors (MB): {'192.168.1.204:44739': 0.03} MB
2025-11-07 11:22:09 DEBUG pyspark-shell:244 - result_df :: operation - LogSparkDataframe :: Spark DataFrame Schema (expanded): root
 |-- order_id: string (nullable = true)
 |-- prod_id: string (nullable = true)
 |-- unit_price: long (nullable = true)
 |-- qty: long (nullable = true)
 |-- prod_id2: string (nullable = true)
 |-- prod_name: string (nullable = true)
 |-- list_price: long (nullable = true)
 |-- reorder_qty: long (nullable = true)

2025-11-07 11:22:09 DEBUG pyspark-shell:244 - result_df has 3 partitons
2025-11-07 11:22:10 DEBUG pyspark-shell:244 - 
 Reading data from the json file : Ingest data into dataFrame
2025-11-07 11:22:12 DEBUG pyspark-shell:244 - Executor memory usage snapshot: {'192.168.1.204:44739': (434.4, 431.8)} MB
2025-11-07 11:22:12 DEBUG pyspark-shell:244 - Memory used by executors (MB): {'192.168.1.204:44739': 2.6} MB
2025-11-07 11:22:12 DEBUG pyspark-shell:244 - Spark DataFrame Schema (expanded): root
 |-- id: long (nullable = true)
 |-- FL_DATE: timestamp (nullable = true)
 |-- OP_CARRIER: string (nullable = true)
 |-- OP_CARRIER_FL_NUM: integer (nullable = true)
 |-- ORIGIN: string (nullable = true)
 |-- ORIGIN_CITY_NAME: string (nullable = true)
 |-- DEST: string (nullable = true)
 |-- DEST_CITY_NAME: string (nullable = true)

2025-11-07 11:22:12 DEBUG pyspark-shell:244 - dataFrame has 3 partitons
2025-11-07 11:22:12 DEBUG pyspark-shell:244 - 
 Reading data from the json file : Ingest data into dataFrame
2025-11-07 11:22:13 DEBUG pyspark-shell:244 - Executor memory usage snapshot: {'192.168.1.204:44739': (434.4, 425.17)} MB
2025-11-07 11:22:13 DEBUG pyspark-shell:244 - Memory used by executors (MB): {'192.168.1.204:44739': 9.23} MB
2025-11-07 11:22:13 DEBUG pyspark-shell:244 - Spark DataFrame Schema (expanded): root
 |-- id: long (nullable = true)
 |-- CRS_DEP_TIME: integer (nullable = true)
 |-- DEP_TIME: integer (nullable = true)
 |-- WHEELS_ON: integer (nullable = true)
 |-- TAXI_IN: integer (nullable = true)
 |-- CRS_ARR_TIME: integer (nullable = true)
 |-- ARR_TIME: integer (nullable = true)
 |-- CANCELLED: integer (nullable = true)
 |-- DISTANCE: double (nullable = true)

2025-11-07 11:22:13 DEBUG pyspark-shell:244 - dataFrame has 3 partitons
2025-11-07 11:22:13 DEBUG pyspark-shell:244 - >>>> Exporting dataframe to the sql table
