2025-11-02 15:42:34 INFO  pyspark-shell:244 - Reading the data from the directory
2025-11-02 15:42:35 INFO  pyspark-shell:244 - import_data_csv :: spark_df created successfully from /home/aditya/github/Deep-learning-prerequisite/pyspark/Spark_sources_and_sinks/SparkSchemaDemo/dataset/flight-time.csv dataset file
2025-11-02 15:42:38 INFO  pyspark-shell:244 - import_data_csv :: The memory taken by the spark dataFrame is = {'192.168.1.19:39173': 8.95} MB
2025-11-02 15:42:38 INFO  pyspark-shell:244 - >>>>> spark_df dataframe:
   FL_DATE OP_CARRIER  OP_CARRIER_FL_NUM ORIGIN ORIGIN_CITY_NAME DEST DEST_CITY_NAME  CRS_DEP_TIME  DEP_TIME  WHEELS_ON  TAXI_IN  CRS_ARR_TIME  ARR_TIME  CANCELLED  DISTANCE
2000-01-01         DL               1451    BOS       Boston, MA  ATL    Atlanta, GA          1115    1113.0     1343.0      5.0          1400    1348.0          0       946
2000-01-01         DL               1479    BOS       Boston, MA  ATL    Atlanta, GA          1315    1311.0     1536.0      7.0          1559    1543.0          0       946
2000-01-01         DL               1857    BOS       Boston, MA  ATL    Atlanta, GA          1415    1414.0     1642.0      9.0          1721    1651.0          0       946
2000-01-01         DL               1997    BOS       Boston, MA  ATL    Atlanta, GA          1715    1720.0     1955.0     10.0          2013    2005.0          0       946
2000-01-01         DL               2065    BOS       Boston, MA  ATL    Atlanta, GA          2015    2010.0     2230.0     10.0          2300    2240.0          0       946
2000-01-01         US               2619    BOS       Boston, MA  ATL    Atlanta, GA           650     649.0      956.0      7.0           955    1003.0          0       946
2000-01-01         US               2621    BOS       Boston, MA  ATL    Atlanta, GA          1440    1446.0     1713.0      4.0          1738    1717.0          0       946
2000-01-01         DL                346    BTR  Baton Rouge, LA  ATL    Atlanta, GA          1740    1744.0     1957.0      9.0          2008    2006.0          0       449
2000-01-01         DL                412    BTR  Baton Rouge, LA  ATL    Atlanta, GA          1345    1345.0     1552.0      9.0          1622    1601.0          0       449
2000-01-01         DL                299    BUF      Buffalo, NY  ATL    Atlanta, GA          1245    1245.0     1443.0      5.0          1455    1448.0          0       712
2000-01-01         DL                495    BUF      Buffalo, NY  ATL    Atlanta, GA          2035    2035.0     2226.0      9.0          2241    2235.0          0       712
2000-01-01         DL                677    BUF      Buffalo, NY  ATL    Atlanta, GA           710     710.0      940.0      7.0           925     947.0          0       712
2000-01-01         DL                251    BWI    Baltimore, MD  ATL    Atlanta, GA          2040    2100.0     2235.0      7.0          2233    2242.0          0       576
2000-01-01         DL               1003    BWI    Baltimore, MD  ATL    Atlanta, GA          1635    1838.0     2020.0     12.0          1832    2032.0          0       576
2000-01-01         DL               1501    BWI    Baltimore, MD  ATL    Atlanta, GA          1430    1435.0     1623.0     12.0          1634    1635.0          0       576
2000-01-01         DL               1907    BWI    Baltimore, MD  ATL    Atlanta, GA           530     530.0      716.0      4.0           723     720.0          0       576
2000-01-01         DL               2063    BWI    Baltimore, MD  ATL    Atlanta, GA          1250       NaN        NaN      NaN          1449       NaN          1       576
2000-01-01         DL               2111    BWI    Baltimore, MD  ATL    Atlanta, GA          1845    1855.0     2041.0      9.0          2046    2050.0          0       576
2000-01-01         US               2632    BWI    Baltimore, MD  ATL    Atlanta, GA           710     710.0        NaN      NaN           905       NaN          0       576
2000-01-01         US               2967    BWI    Baltimore, MD  ATL    Atlanta, GA          1700    1700.0     1845.0      6.0          1853    1851.0          0       576
2000-01-01         DL                540    CAE     Columbia, SC  ATL    Atlanta, GA           955     952.0     1052.0      5.0          1104    1057.0          0       191
2000-01-01         DL                544    CAE     Columbia, SC  ATL    Atlanta, GA          2130    2125.0     2208.0     10.0          2232    2218.0          0       191
2000-01-01         DL               1289    CAE     Columbia, SC  ATL    Atlanta, GA          1515    1514.0     1619.0      9.0          1633    1628.0          0       191
2000-01-01         DL               1518    CAE     Columbia, SC  ATL    Atlanta, GA          1735    1737.0     1844.0      7.0          1852    1851.0          0       191
2000-01-01         DL               1519    CAE     Columbia, SC  ATL    Atlanta, GA           720     720.0      811.0     10.0           818     821.0          0       191
2025-11-02 15:42:39 INFO  pyspark-shell:244 - import_data_csv :: spark_df created successfully from /home/aditya/github/Deep-learning-prerequisite/pyspark/Spark_sources_and_sinks/SparkSchemaDemo/dataset/flight-time.json dataset file
2025-11-02 15:42:40 INFO  pyspark-shell:244 - import_data_csv :: The memory taken by the spark dataFrame is = {'192.168.1.19:39173': 14.55} MB
2025-11-02 15:42:40 INFO  pyspark-shell:244 - >>>>> spark_df_json dataframe:
   FL_DATE OP_CARRIER  OP_CARRIER_FL_NUM ORIGIN ORIGIN_CITY_NAME DEST DEST_CITY_NAME  CRS_DEP_TIME  DEP_TIME  WHEELS_ON  TAXI_IN  CRS_ARR_TIME  ARR_TIME  CANCELLED  DISTANCE
2000-01-01         DL               1451    BOS       Boston, MA  ATL    Atlanta, GA          1115    1113.0     1343.0      5.0          1400    1348.0          0       946
2000-01-01         DL               1479    BOS       Boston, MA  ATL    Atlanta, GA          1315    1311.0     1536.0      7.0          1559    1543.0          0       946
2000-01-01         DL               1857    BOS       Boston, MA  ATL    Atlanta, GA          1415    1414.0     1642.0      9.0          1721    1651.0          0       946
2000-01-01         DL               1997    BOS       Boston, MA  ATL    Atlanta, GA          1715    1720.0     1955.0     10.0          2013    2005.0          0       946
2000-01-01         DL               2065    BOS       Boston, MA  ATL    Atlanta, GA          2015    2010.0     2230.0     10.0          2300    2240.0          0       946
2000-01-01         US               2619    BOS       Boston, MA  ATL    Atlanta, GA           650     649.0      956.0      7.0           955    1003.0          0       946
2000-01-01         US               2621    BOS       Boston, MA  ATL    Atlanta, GA          1440    1446.0     1713.0      4.0          1738    1717.0          0       946
2000-01-01         DL                346    BTR  Baton Rouge, LA  ATL    Atlanta, GA          1740    1744.0     1957.0      9.0          2008    2006.0          0       449
2000-01-01         DL                412    BTR  Baton Rouge, LA  ATL    Atlanta, GA          1345    1345.0     1552.0      9.0          1622    1601.0          0       449
2000-01-01         DL                299    BUF      Buffalo, NY  ATL    Atlanta, GA          1245    1245.0     1443.0      5.0          1455    1448.0          0       712
2000-01-01         DL                495    BUF      Buffalo, NY  ATL    Atlanta, GA          2035    2035.0     2226.0      9.0          2241    2235.0          0       712
2000-01-01         DL                677    BUF      Buffalo, NY  ATL    Atlanta, GA           710     710.0      940.0      7.0           925     947.0          0       712
2000-01-01         DL                251    BWI    Baltimore, MD  ATL    Atlanta, GA          2040    2100.0     2235.0      7.0          2233    2242.0          0       576
2000-01-01         DL               1003    BWI    Baltimore, MD  ATL    Atlanta, GA          1635    1838.0     2020.0     12.0          1832    2032.0          0       576
2000-01-01         DL               1501    BWI    Baltimore, MD  ATL    Atlanta, GA          1430    1435.0     1623.0     12.0          1634    1635.0          0       576
2000-01-01         DL               1907    BWI    Baltimore, MD  ATL    Atlanta, GA           530     530.0      716.0      4.0           723     720.0          0       576
2000-01-01         DL               2063    BWI    Baltimore, MD  ATL    Atlanta, GA          1250       NaN        NaN      NaN          1449       NaN          1       576
2000-01-01         DL               2111    BWI    Baltimore, MD  ATL    Atlanta, GA          1845    1855.0     2041.0      9.0          2046    2050.0          0       576
2000-01-01         US               2632    BWI    Baltimore, MD  ATL    Atlanta, GA           710     710.0        NaN      NaN           905       NaN          0       576
2000-01-01         US               2967    BWI    Baltimore, MD  ATL    Atlanta, GA          1700    1700.0     1845.0      6.0          1853    1851.0          0       576
2000-01-01         DL                540    CAE     Columbia, SC  ATL    Atlanta, GA           955     952.0     1052.0      5.0          1104    1057.0          0       191
2000-01-01         DL                544    CAE     Columbia, SC  ATL    Atlanta, GA          2130    2125.0     2208.0     10.0          2232    2218.0          0       191
2000-01-01         DL               1289    CAE     Columbia, SC  ATL    Atlanta, GA          1515    1514.0     1619.0      9.0          1633    1628.0          0       191
2000-01-01         DL               1518    CAE     Columbia, SC  ATL    Atlanta, GA          1735    1737.0     1844.0      7.0          1852    1851.0          0       191
2000-01-01         DL               1519    CAE     Columbia, SC  ATL    Atlanta, GA           720     720.0      811.0     10.0           818     821.0          0       191
2025-11-02 15:42:40 INFO  pyspark-shell:244 - import_data_csv :: spark_df created successfully from /home/aditya/github/Deep-learning-prerequisite/pyspark/Spark_sources_and_sinks/SparkSchemaDemo/dataset/flight-time.parquet dataset file
2025-11-02 15:42:42 INFO  pyspark-shell:244 - import_data_csv :: The memory taken by the spark dataFrame is = {'192.168.1.19:39173': 23.45} MB
2025-11-02 15:42:42 INFO  pyspark-shell:244 - >>>>> spark_df_parquet dataframe:
   FL_DATE OP_CARRIER  OP_CARRIER_FL_NUM ORIGIN ORIGIN_CITY_NAME DEST DEST_CITY_NAME  CRS_DEP_TIME  DEP_TIME  WHEELS_ON  TAXI_IN  CRS_ARR_TIME  ARR_TIME  CANCELLED  DISTANCE
2000-01-01         DL               1451    BOS       Boston, MA  ATL    Atlanta, GA          1115    1113.0     1343.0      5.0          1400    1348.0          0       946
2000-01-01         DL               1479    BOS       Boston, MA  ATL    Atlanta, GA          1315    1311.0     1536.0      7.0          1559    1543.0          0       946
2000-01-01         DL               1857    BOS       Boston, MA  ATL    Atlanta, GA          1415    1414.0     1642.0      9.0          1721    1651.0          0       946
2000-01-01         DL               1997    BOS       Boston, MA  ATL    Atlanta, GA          1715    1720.0     1955.0     10.0          2013    2005.0          0       946
2000-01-01         DL               2065    BOS       Boston, MA  ATL    Atlanta, GA          2015    2010.0     2230.0     10.0          2300    2240.0          0       946
2000-01-01         US               2619    BOS       Boston, MA  ATL    Atlanta, GA           650     649.0      956.0      7.0           955    1003.0          0       946
2000-01-01         US               2621    BOS       Boston, MA  ATL    Atlanta, GA          1440    1446.0     1713.0      4.0          1738    1717.0          0       946
2000-01-01         DL                346    BTR  Baton Rouge, LA  ATL    Atlanta, GA          1740    1744.0     1957.0      9.0          2008    2006.0          0       449
2000-01-01         DL                412    BTR  Baton Rouge, LA  ATL    Atlanta, GA          1345    1345.0     1552.0      9.0          1622    1601.0          0       449
2000-01-01         DL                299    BUF      Buffalo, NY  ATL    Atlanta, GA          1245    1245.0     1443.0      5.0          1455    1448.0          0       712
2000-01-01         DL                495    BUF      Buffalo, NY  ATL    Atlanta, GA          2035    2035.0     2226.0      9.0          2241    2235.0          0       712
2000-01-01         DL                677    BUF      Buffalo, NY  ATL    Atlanta, GA           710     710.0      940.0      7.0           925     947.0          0       712
2000-01-01         DL                251    BWI    Baltimore, MD  ATL    Atlanta, GA          2040    2100.0     2235.0      7.0          2233    2242.0          0       576
2000-01-01         DL               1003    BWI    Baltimore, MD  ATL    Atlanta, GA          1635    1838.0     2020.0     12.0          1832    2032.0          0       576
2000-01-01         DL               1501    BWI    Baltimore, MD  ATL    Atlanta, GA          1430    1435.0     1623.0     12.0          1634    1635.0          0       576
2000-01-01         DL               1907    BWI    Baltimore, MD  ATL    Atlanta, GA           530     530.0      716.0      4.0           723     720.0          0       576
2000-01-01         DL               2063    BWI    Baltimore, MD  ATL    Atlanta, GA          1250       NaN        NaN      NaN          1449       NaN          1       576
2000-01-01         DL               2111    BWI    Baltimore, MD  ATL    Atlanta, GA          1845    1855.0     2041.0      9.0          2046    2050.0          0       576
2000-01-01         US               2632    BWI    Baltimore, MD  ATL    Atlanta, GA           710     710.0        NaN      NaN           905       NaN          0       576
2000-01-01         US               2967    BWI    Baltimore, MD  ATL    Atlanta, GA          1700    1700.0     1845.0      6.0          1853    1851.0          0       576
2000-01-01         DL                540    CAE     Columbia, SC  ATL    Atlanta, GA           955     952.0     1052.0      5.0          1104    1057.0          0       191
2000-01-01         DL                544    CAE     Columbia, SC  ATL    Atlanta, GA          2130    2125.0     2208.0     10.0          2232    2218.0          0       191
2000-01-01         DL               1289    CAE     Columbia, SC  ATL    Atlanta, GA          1515    1514.0     1619.0      9.0          1633    1628.0          0       191
2000-01-01         DL               1518    CAE     Columbia, SC  ATL    Atlanta, GA          1735    1737.0     1844.0      7.0          1852    1851.0          0       191
2000-01-01         DL               1519    CAE     Columbia, SC  ATL    Atlanta, GA           720     720.0      811.0     10.0           818     821.0          0       191
