2025-10-31 12:11:48 INFO  RddApplication:244 - [Alarms, 19385]
2025-10-31 12:11:48 INFO  RddApplication:244 - [Smoke Investigation (Outside), 387]
2025-10-31 12:11:48 INFO  RddApplication:244 - [Vehicle Fire, 837]
2025-10-31 12:11:48 INFO  RddApplication:244 - [Industrial Accidents, 84]
2025-10-31 12:11:48 INFO  RddApplication:244 - [Electrical Hazard, 480]
2025-10-31 12:11:48 INFO  RddApplication:244 - [Oil Spill, 21]
2025-10-31 12:11:48 INFO  RddApplication:244 - [HazMat, 118]
2025-10-31 12:11:48 INFO  RddApplication:244 - [Extrication / Entrapped (Machinery, 28]
2025-10-31 12:11:48 INFO  RddApplication:244 - [Administrative, 3]
2025-10-31 12:11:48 INFO  RddApplication:244 - [Medical Incident, 80932]
2025-10-31 12:11:48 INFO  RddApplication:244 - [Structure Fire, 22530]
2025-10-31 12:11:48 INFO  RddApplication:244 - [Odor (Strange / Unknown), 484]
2025-10-31 12:11:48 INFO  RddApplication:244 - [Other, 2028]
2025-10-31 12:11:48 INFO  RddApplication:244 - [Outside Fire, 2084]
2025-10-31 12:11:48 INFO  RddApplication:244 - [Citizen Assist / Service Call, 2417]
2025-10-31 12:11:48 INFO  RddApplication:244 - [Elevator / Escalator Rescue, 441]
2025-10-31 12:11:48 INFO  RddApplication:244 - [Water Rescue, 704]
2025-10-31 12:11:48 INFO  RddApplication:244 - [Fuel Spill, 192]
2025-10-31 12:11:48 INFO  RddApplication:244 - [Gas Leak (Natural and LP Gases), 757]
2025-10-31 12:11:48 INFO  RddApplication:244 - [Aircraft Emergency, 34]
2025-10-31 12:11:48 INFO  RddApplication:244 - [Train / Rail Incident, 57]
2025-10-31 12:11:48 INFO  RddApplication:244 - [Traffic Collision, 5277]
2025-10-31 12:11:48 INFO  RddApplication:244 - [Explosion, 85]
2025-10-31 12:11:48 INFO  RddApplication:244 - [High Angle Rescue, 31]
2025-10-31 12:11:48 INFO  RddApplication:244 - [Assist Police, 35]
2025-10-31 12:11:48 INFO  RddApplication:244 - [Mutual Aid / Assist Outside Agency, 8]
2025-10-31 12:11:48 INFO  RddApplication:244 - [Watercraft in Distress, 27]
2025-10-31 12:11:48 INFO  RddApplication:244 - [Marine Fire, 13]
2025-10-31 12:11:48 INFO  RddApplication:244 - [Confined Space / Structure Collapse, 12]
2025-10-31 12:11:48 INFO  RddApplication:244 - [Suspicious Package, 15]
